-245	-5931	-13179	-762	-1292	-9315	9912	-5062	17288	-5442	
